---
source: core/hir/tests/resolve.rs
expression: json
---
{
  "version": 1,
  "nodes": {
    "CompleteTodo": {
      "kind": "Action",
      "domain": "TodoDomain",
      "path": "domains/TodoDomain/actions/CompleteTodo.sophia"
    },
    "Todo": {
      "kind": "Entity",
      "domain": "TodoDomain",
      "path": "domains/TodoDomain/entities/Todo.sophia"
    },
    "TodoCapability": {
      "kind": "Capability",
      "domain": "TodoDomain",
      "path": "domains/TodoDomain/capabilities/TodoCapability.sophia"
    },
    "TodoError": {
      "kind": "Error",
      "domain": "TodoDomain",
      "path": "domains/TodoDomain/errors/TodoError.sophia"
    },
    "TodoStatus": {
      "kind": "State",
      "domain": "TodoDomain",
      "path": "domains/TodoDomain/states/TodoStatus.sophia"
    }
  }
}
